Trying 127.0.0.1...
Connected to localhost.
Escape character is '^]'.
PCI: 00:00:0 class 0300 id 1013:00b8
PCI:   region 0: 10000000
PCI:   region 1: 12000000
PCI: 00:01:0 class 0200 id 8086:100e
PCI:   region 0: 12020000
PCI:   region 1: 0000c000
PCI: 00:02:0 class 0101 id 1095:0646
PCI:   region 0: 0000c040
PCI:   region 1: 0000c048
PCI:   region 3: 0000c04c
Linux version 4.2.3 (dl@dl-Precision-M6500) (gcc version 5.2.0 (GCC) ) #1 Sat Oct 24 14:25:41 CEST 2015
Booting on Tsunami variation Clipper using machine vector Clipper from SRM
Major Options: EV67 LEGACY_START VERBOSE_MCHECK MAGIC_SYSRQ 
Command line: console=ttyS0
memcluster 0, usage 1, start        0, end       11
memcluster 1, usage 0, start       11, end   131072
freeing pages 11:384
freeing pages 1151:131072
reserving pages 1151:1153
Initial ramdisk at: 0xfffffc003fcb4000 (3451916 bytes)
Built 1 zonelists in Zone order, mobility grouping on.  Total pages: 130176
Kernel command line: console=ttyS0
PID hash table entries: 4096 (order: 2, 32768 bytes)
Dentry cache hash table entries: 131072 (order: 7, 1048576 bytes)
Inode-cache hash table entries: 65536 (order: 6, 524288 bytes)
Sorting __ex_table...
Memory: 1029128K/1048576K available (3947K kernel code, 314K rwdata, 1496K rodata, 160K init, 120K bss, 19448K reserved, 0K cma-reserved)
SLUB: HWalign=64, Order=0-3, MinObjects=0, CPUs=1, Nodes=1
NR_IRQS:64
HWRPB cycle frequency bogus, and unable to estimate a proper value!
clocksource: rpcc: mask: 0xffffffff max_cycles: 0xffffffff, max_idle_ns: 7645041786 ns
Turning on RTC interrupts.
Console: colour VGA+ 80x25
console [ttyS0] enabled
Calibrating delay loop... 467.88 BogoMIPS (lpj=228352)
pid_max: default: 32768 minimum: 301
Mount-cache hash table entries: 2048 (order: 1, 16384 bytes)
Mountpoint-cache hash table entries: 2048 (order: 1, 16384 bytes)
clocksource: jiffies: mask: 0xffffffff max_cycles: 0xffffffff, max_idle_ns: 1866466235866741 ns
NET: Registered protocol family 16
PCI host bridge to bus 0000:00
pci_bus 0000:00: root bus resource [io  0x0000-0x1ffffff]
pci_bus 0000:00: root bus resource [mem 0x00000000-0x3fffffff]
pci_bus 0000:00: No busn resource found for root bus, will use [bus 00-ff]
pci 0000:00:00.0: BAR 0: assigned [mem 0x0a000000-0x0bffffff pref]
pci 0000:00:01.0: BAR 6: assigned [mem 0x09000000-0x0903ffff pref]
pci 0000:00:01.0: BAR 0: assigned [mem 0x09040000-0x0905ffff]
pci 0000:00:00.0: BAR 6: assigned [mem 0x09060000-0x0906ffff pref]
pci 0000:00:00.0: BAR 1: assigned [mem 0x09070000-0x09070fff]
pci 0000:00:01.0: BAR 1: assigned [io  0x8000-0x803f]
pci 0000:00:02.0: BAR 4: assigned [io  0x8040-0x804f]
pci 0000:00:02.0: BAR 0: assigned [io  0x8050-0x8057]
pci 0000:00:02.0: BAR 2: assigned [io  0x8058-0x805f]
pci 0000:00:02.0: BAR 1: assigned [io  0x8060-0x8063]
pci 0000:00:02.0: BAR 3: assigned [io  0x8064-0x8067]
Console: switching to colour VGA+ 80x25
vgaarb: setting as boot device: PCI:0000:00:00.0
vgaarb: device added: PCI:0000:00:00.0,decodes=io+mem,owns=io+mem,locks=none
vgaarb: loaded
vgaarb: bridge control possible 0000:00:00.0
SCSI subsystem initialized
pps_core: LinuxPPS API ver. 1 registered
pps_core: Software ver. 5.3.6 - Copyright 2005-2007 Rodolfo Giometti <giometti@linux.it>
PTP clock support registered
clocksource: Switched to clocksource rpcc
NET: Registered protocol family 2
TCP established hash table entries: 8192 (order: 3, 65536 bytes)
TCP bind hash table entries: 8192 (order: 3, 65536 bytes)
TCP: Hash tables configured (established 8192 bind 8192)
UDP hash table entries: 512 (order: 1, 16384 bytes)
UDP-Lite hash table entries: 512 (order: 1, 16384 bytes)
NET: Registered protocol family 1
Unpacking initramfs...
Initramfs unpacking failed: junk in compressed archive
Freeing initrd memory: 3368K (fffffc003fcb4000 - fffffc003fffe000)
futex hash table entries: 256 (order: -1, 6144 bytes)
Block layer SCSI generic (bsg) driver version 0.4 loaded (major 252)
io scheduler noop registered
io scheduler deadline registered
io scheduler cfq registered (default)
isapnp: Scanning for PnP cards...
isapnp: No Plug & Play device found
Serial: 8250/16550 driver, 4 ports, IRQ sharing disabled
serial8250: ttyS0 at I/O 0x3f8 (irq = 4, base_baud = 115200) is a 16550A
rtc: SRM (post-2000) epoch (2000) detected
Real Time Clock Driver v1.12b
e1000: Intel(R) PRO/1000 Network Driver - version 7.3.21-k8-NAPI
e1000: Copyright (c) 1999-2006 Intel Corporation.
PCI: Setting latency timer of device 0000:00:01.0 to 64
Floppy drive(s): fd0 is 2.88M
e1000 0000:00:01.0 eth0: (PCI:33MHz:32-bit) 52:54:00:12:34:56
e1000 0000:00:01.0 eth0: Intel(R) PRO/1000 Network Connection
e1000e: Intel(R) PRO/1000 Network Driver - 3.2.5-k
e1000e: Copyright(c) 1999 - 2015 Intel Corporation.
serio: i8042 KBD port at 0x60,0x64 irq 1
serio: i8042 AUX port at 0x60,0x64 irq 12
mousedev: PS/2 mouse device common for all mice
NET: Registered protocol family 17
input: AT Translated Set 2 keyboard as /devices/platform/i8042/serio0/input/input0
input: ImExPS/2 Generic Explorer Mouse as /devices/platform/i8042/serio1/input/input2
floppy0: no floppy controllers found
work still pending
Freeing unused kernel memory: 160K (fffffc0000864000 - fffffc000088c000)
printf Hello World!
random: nonblocking pool is initialized
